\BOOKMARK [1][-]{section.1}{\376\377\134\010\150\110\127\050\145\170\144\332\171\321\133\170\116\055\166\204\133\232\117\115}{}% 1
\BOOKMARK [1][-]{section.2}{\376\377\214\307\145\231\117\206\156\220\202\007\214\307\145\231\206\125\164\006\155\101\172\013}{}% 2
\BOOKMARK [2][-]{subsection.2.1}{\376\377\214\307\145\231\117\206\156\220}{section.2}% 3
\BOOKMARK [2][-]{subsection.2.2}{\376\377\214\307\145\231\206\125\164\006\173\241\175\332}{section.2}% 4
\BOOKMARK [1][-]{section.3}{\376\377\125\117\230\114\133\232\177\251}{}% 5
\BOOKMARK [2][-]{subsection.3.1}{\376\377\000P\000o\000l\000i\000c\000y\000\040\000L\000e\000a\000r\000n\000i\000n\000g}{section.3}% 6
\BOOKMARK [2][-]{subsection.3.2}{\376\377\000V\000a\000l\000u\000e\000\040\000L\000e\000a\000r\000n\000i\000n\000g}{section.3}% 7
\BOOKMARK [1][-]{section.4}{\376\377\162\171\137\265\135\345\172\013\377\032\134\100\227\142\175\350\170\274}{}% 8
\BOOKMARK [2][-]{subsection.4.1}{\376\377\160\272\116\300\236\274\227\000\211\201\162\171\137\265\135\345\172\013}{section.4}% 9
\BOOKMARK [2][-]{subsection.4.2}{\376\377\150\313\166\344\150\313\133\120\136\163\227\142}{section.4}% 10
\BOOKMARK [2][-]{subsection.4.3}{\376\377\143\001\231\322\136\163\227\142}{section.4}% 11
\BOOKMARK [2][-]{subsection.4.4}{\376\377\142\113\165\152\136\163\227\142}{section.4}% 12
\BOOKMARK [2][-]{subsection.4.5}{\376\377\211\226\211\322\145\313\217\111}{section.4}% 13
\BOOKMARK [1][-]{section.5}{\376\377\152\031\174\144\212\055\212\010\377\032\215\160\154\325\175\350\170\274}{}% 14
\BOOKMARK [2][-]{subsection.5.1}{\376\377\116\000\202\054\171\373\122\325}{section.5}% 15
\BOOKMARK [2][-]{subsection.5.2}{\376\377\143\001\231\322\142\123\121\145}{section.5}% 16
\BOOKMARK [2][-]{subsection.5.3}{\376\377\176\075\215\160\154\325\172\172\225\223}{section.5}% 17
\BOOKMARK [1][-]{section.6}{\376\377\214\307\145\231\226\306\121\147\133\271}{}% 18
\BOOKMARK [1][-]{section.7}{\376\377\152\041\127\213\147\266\151\313}{}% 19
\BOOKMARK [2][-]{subsection.7.1}{\376\377\145\164\232\324\147\266\151\313}{section.7}% 20
\BOOKMARK [2][-]{subsection.7.2}{\376\377\000F\000e\000a\000t\000u\000r\000e\000\040\000E\000x\000t\000r\000a\000c\000t\000o\000r}{section.7}% 21
\BOOKMARK [2][-]{subsection.7.3}{\376\377\000P\000o\000l\000i\000c\000y\000\040\000H\000e\000a\000d}{section.7}% 22
\BOOKMARK [2][-]{subsection.7.4}{\376\377\000V\000a\000l\000u\000e\000\040\000H\000e\000a\000d}{section.7}% 23
\BOOKMARK [1][-]{section.8}{\376\377\212\023\175\364\145\271\154\325}{}% 24
\BOOKMARK [2][-]{subsection.8.1}{\376\377\214\307\145\231\122\007\122\006}{section.8}% 25
\BOOKMARK [2][-]{subsection.8.2}{\376\377\144\015\131\061\121\375\145\170}{section.8}% 26
\BOOKMARK [2][-]{subsection.8.3}{\376\377\147\000\117\163\123\026\126\150\202\007\133\170\177\322\163\207}{section.8}% 27
\BOOKMARK [1][-]{section.9}{\376\377\212\125\117\060\143\007\152\031}{}% 28
\BOOKMARK [2][-]{subsection.9.1}{\376\377\000P\000o\000l\000i\000c\000y\000\040\143\007\152\031}{section.9}% 29
\BOOKMARK [2][-]{subsection.9.2}{\376\377\000V\000a\000l\000u\000e\000\040\143\007\152\031}{section.9}% 30
\BOOKMARK [2][-]{subsection.9.3}{\376\377\166\356\122\115\175\120\147\234}{section.9}% 31
\BOOKMARK [1][-]{section.10}{\376\377\152\041\127\213\143\250\212\326\202\007\144\034\134\013\145\164\124\010}{}% 32
\BOOKMARK [2][-]{subsection.10.1}{\376\377\143\250\212\326\155\101\172\013}{section.10}% 33
\BOOKMARK [2][-]{subsection.10.2}{\376\377\124\010\154\325\142\113\143\222\136\217}{section.10}% 34
\BOOKMARK [2][-]{subsection.10.3}{\376\377\202\007\000\040\000A\000l\000p\000h\000a\000-\000B\000e\000t\000a\000\040\144\034\134\013\145\164\124\010}{section.10}% 35
\BOOKMARK [1][-]{section.11}{\376\377\145\170\144\332\171\321\133\170\116\012\166\204\226\120\122\066}{}% 36
\BOOKMARK [1][-]{section.12}{\376\377\145\071\220\062\145\271\124\021}{}% 37
\BOOKMARK [1][-]{section.13}{\376\377\175\120\212\326}{}% 38
\BOOKMARK [1][-]{appendix.A}{\376\377\226\104\223\004\377\032\166\370\225\334\127\367\210\114\143\007\116\344}{}% 39
\BOOKMARK [2][-]{subsection.A.1}{\376\377\123\057\121\372\212\023\175\364\214\307\145\231}{appendix.A}% 40
\BOOKMARK [2][-]{subsection.A.2}{\376\377\212\023\175\364\152\041\127\213}{appendix.A}% 41
\BOOKMARK [2][-]{subsection.A.3}{\376\377\125\137\122\325\124\053\152\041\127\213\166\204\000\040\000A\000P\000I}{appendix.A}% 42
