\BOOKMARK [1][-]{section.1}{\376\377\214\307\145\231\175\120\151\313\127\050\147\054\134\010\150\110\116\055\166\204\211\322\202\162}{}% 1
\BOOKMARK [1][-]{section.2}{\376\377\123\237\131\313\150\313\213\134\214\307\145\231\175\120\151\313}{}% 2
\BOOKMARK [2][-]{subsection.2.1}{\376\377\000C\000S\000A\000\040\150\313\213\134}{section.2}% 3
\BOOKMARK [2][-]{subsection.2.2}{\376\377\000U\000S\000I\000\040\215\160\154\325}{section.2}% 4
\BOOKMARK [2][-]{subsection.2.3}{\376\377\000S\000F\000E\000N\000\040\134\100\227\142}{section.2}% 5
\BOOKMARK [1][-]{section.3}{\376\377\214\307\145\231\136\253\214\307\145\231\175\120\151\313}{}% 6
\BOOKMARK [2][-]{subsection.3.1}{\376\377\212\055\212\010\166\356\152\031}{section.3}% 7
\BOOKMARK [2][-]{subsection.3.2}{\376\377\116\224\137\065\116\073\211\201\214\307\145\231\210\150}{section.3}% 8
\BOOKMARK [3][-]{subsubsection.3.2.1}{\376\377\000u\000s\000e\000r\000s}{subsection.3.2}% 9
\BOOKMARK [3][-]{subsubsection.3.2.2}{\376\377\000p\000l\000a\000y\000e\000r\000s}{subsection.3.2}% 10
\BOOKMARK [3][-]{subsubsection.3.2.3}{\376\377\000g\000a\000m\000e\000\137\000r\000e\000c\000o\000r\000d\000s}{subsection.3.2}% 11
\BOOKMARK [3][-]{subsubsection.3.2.4}{\376\377\000m\000o\000v\000e\000s}{subsection.3.2}% 12
\BOOKMARK [3][-]{subsubsection.3.2.5}{\376\377\000p\000o\000s\000i\000t\000i\000o\000n\000s}{subsection.3.2}% 13
\BOOKMARK [2][-]{subsection.3.3}{\376\377\214\307\145\231\210\150\225\334\117\302}{section.3}% 14
\BOOKMARK [2][-]{subsection.3.4}{\376\377\160\272\116\300\236\274\000\040\000m\000o\000v\000e\000s\000\040\124\214\000\040\000p\000o\000s\000i\000t\000i\000o\000n\000s\000\040\122\006\225\213}{section.3}% 15
\BOOKMARK [1][-]{section.4}{\376\377\000P\000y\000t\000h\000o\000n\000\040\212\030\141\266\232\324\214\307\145\231\175\120\151\313}{}% 16
\BOOKMARK [2][-]{subsection.4.1}{\376\377\000c\000s\000h\000o\000g\000i\000.\000B\000o\000a\000r\000d}{section.4}% 17
\BOOKMARK [2][-]{subsection.4.2}{\376\377\000A\000P\000I\000\040\116\055\166\204\000\040\000d\000a\000t\000a\000c\000l\000a\000s\000s}{section.4}% 18
\BOOKMARK [3][-]{subsubsection.4.2.1}{\376\377\000P\000i\000e\000c\000e}{subsection.4.2}% 19
\BOOKMARK [3][-]{subsubsection.4.2.2}{\376\377\000M\000o\000v\000e\000R\000e\000c\000o\000r\000d}{subsection.4.2}% 20
\BOOKMARK [3][-]{subsubsection.4.2.3}{\376\377\000P\000o\000s\000i\000t\000i\000o\000n}{subsection.4.2}% 21
\BOOKMARK [3][-]{subsubsection.4.2.4}{\376\377\000G\000a\000m\000e}{subsection.4.2}% 22
\BOOKMARK [1][-]{section.5}{\376\377\122\115\137\214\172\357\000\040\000J\000S\000O\000N\000\040\214\307\145\231\175\120\151\313}{}% 23
\BOOKMARK [2][-]{subsection.5.1}{\376\377\150\313\134\100\156\005\125\256}{section.5}% 24
\BOOKMARK [2][-]{subsection.5.2}{\376\377\134\100\227\142\214\307\145\231}{section.5}% 25
\BOOKMARK [2][-]{subsection.5.3}{\376\377\201\352\210\114\134\015\137\010\212\313\154\102}{section.5}% 26
\BOOKMARK [2][-]{subsection.5.4}{\376\377\000A\000I\000\040\134\015\137\010\212\313\154\102}{section.5}% 27
\BOOKMARK [1][-]{section.6}{\376\377\152\137\126\150\133\170\177\322\214\307\145\231\175\120\151\313}{}% 28
\BOOKMARK [2][-]{subsection.6.1}{\376\377\000S\000t\000a\000t\000e\000\040\000T\000e\000n\000s\000o\000r}{section.6}% 29
\BOOKMARK [2][-]{subsection.6.2}{\376\377\000M\000o\000v\000e\000\040\000L\000a\000b\000e\000l}{section.6}% 30
\BOOKMARK [2][-]{subsection.6.3}{\376\377\000V\000a\000l\000u\000e\000\040\000L\000a\000b\000e\000l}{section.6}% 31
\BOOKMARK [2][-]{subsection.6.4}{\376\377\000M\000e\000t\000a\000d\000a\000t\000a}{section.6}% 32
\BOOKMARK [1][-]{section.7}{\376\377\144\034\134\013\157\024\173\227\154\325\214\307\145\231\175\120\151\313}{}% 33
\BOOKMARK [2][-]{subsection.7.1}{\376\377\000S\000e\000a\000r\000c\000h\000R\000e\000s\000u\000l\000t}{section.7}% 34
\BOOKMARK [2][-]{subsection.7.2}{\376\377\000S\000e\000a\000r\000c\000h\000C\000o\000n\000t\000e\000x\000t}{section.7}% 35
\BOOKMARK [2][-]{subsection.7.3}{\376\377\000T\000r\000a\000n\000s\000p\000o\000s\000i\000t\000i\000o\000n\000\040\000T\000a\000b\000l\000e}{section.7}% 36
\BOOKMARK [2][-]{subsection.7.4}{\376\377\000K\000i\000l\000l\000e\000r\000\040\000M\000o\000v\000e\000s}{section.7}% 37
\BOOKMARK [2][-]{subsection.7.5}{\376\377\000H\000i\000s\000t\000o\000r\000y\000\040\000H\000e\000u\000r\000i\000s\000t\000i\000c}{section.7}% 38
\BOOKMARK [1][-]{section.8}{\376\377\122\115\172\357\162\300\141\113\214\307\145\231\175\120\151\313}{}% 39
\BOOKMARK [2][-]{subsection.8.1}{\376\377\150\313\213\134\160\017\211\275\162\300\141\113}{section.8}% 40
\BOOKMARK [2][-]{subsection.8.2}{\376\377\201\352\210\114\134\015\137\010\162\300\141\113}{section.8}% 41
\BOOKMARK [2][-]{subsection.8.3}{\376\377\000A\000I\000\040\134\015\137\010\162\300\141\113}{section.8}% 42
\BOOKMARK [1][-]{section.9}{\376\377\214\307\145\231\175\120\151\313\212\055\212\010\212\125\117\060}{}% 43
\BOOKMARK [2][-]{subsection.9.1}{\376\377\121\052\236\336}{section.9}% 44
\BOOKMARK [2][-]{subsection.9.2}{\376\377\226\120\122\066}{section.9}% 45
\BOOKMARK [1][-]{section.10}{\376\377\136\372\213\160\175\042\137\025\212\055\212\010}{}% 46
\BOOKMARK [1][-]{section.11}{\376\377\175\120\212\326}{}% 47
\BOOKMARK [1][-]{appendix.A}{\376\377\226\104\223\004\377\032\116\073\211\201\214\307\145\231\155\101}{}% 48
