\BOOKMARK [1][-]{section.1}{\376\377\174\373\175\161\166\356\152\031\202\007\214\307\145\231\155\101\172\013}{}% 1
\BOOKMARK [1][-]{section.2}{\376\377\214\307\145\231\136\253\212\055\212\010\145\271\154\325\202\007\123\237\164\006}{}% 2
\BOOKMARK [2][-]{subsection.2.1}{\376\377\212\055\212\010\145\271\154\325}{section.2}% 3
\BOOKMARK [2][-]{subsection.2.2}{\376\377\160\272\116\300\236\274\211\201\153\143\211\217\123\026}{section.2}% 4
\BOOKMARK [1][-]{section.3}{\376\377\214\307\145\231\210\150\212\055\212\010}{}% 5
\BOOKMARK [2][-]{subsection.3.1}{\376\377\000u\000s\000e\000r\000s}{section.3}% 6
\BOOKMARK [2][-]{subsection.3.2}{\376\377\000p\000l\000a\000y\000e\000r\000s}{section.3}% 7
\BOOKMARK [2][-]{subsection.3.3}{\376\377\000g\000a\000m\000e\000\137\000r\000e\000c\000o\000r\000d\000s}{section.3}% 8
\BOOKMARK [2][-]{subsection.3.4}{\376\377\000m\000o\000v\000e\000s}{section.3}% 9
\BOOKMARK [2][-]{subsection.3.5}{\376\377\000p\000o\000s\000i\000t\000i\000o\000n\000s}{section.3}% 10
\BOOKMARK [1][-]{section.4}{\376\377\225\334\200\157\212\055\212\010\202\007\214\307\145\231\116\000\201\364\140\047}{}% 11
\BOOKMARK [1][-]{section.5}{\376\377\214\307\145\231\123\057\121\145\155\101\172\013}{}% 12
\BOOKMARK [1][-]{section.6}{\376\377\123\273\221\315\202\007\123\357\217\375\156\257\212\055\212\010}{}% 13
\BOOKMARK [2][-]{subsection.6.1}{\376\377\152\224\124\015\123\273\221\315}{section.6}% 14
\BOOKMARK [2][-]{subsection.6.2}{\376\377\121\147\133\271\123\273\221\315}{section.6}% 15
\BOOKMARK [2][-]{subsection.6.3}{\376\377\214\307\145\231\217\375\156\257}{section.6}% 16
\BOOKMARK [1][-]{section.7}{\376\377\117\177\165\050\200\005\131\202\117\125\202\007\214\307\145\231\136\253\116\222\122\325}{}% 17
\BOOKMARK [2][-]{subsection.7.1}{\376\377\150\313\213\134\160\017\211\275}{section.7}% 18
\BOOKMARK [2][-]{subsection.7.2}{\376\377\150\313\213\134\147\345\212\142\202\007\173\351\220\170}{section.7}% 19
\BOOKMARK [2][-]{subsection.7.3}{\376\377\214\307\145\231\136\253\175\161\212\010}{section.7}% 20
\BOOKMARK [1][-]{section.8}{\376\377\214\307\145\231\136\253\166\370\225\334\122\237\200\375}{}% 21
\BOOKMARK [2][-]{subsection.8.1}{\376\377\150\313\213\134\123\057\121\145}{section.8}% 22
\BOOKMARK [2][-]{subsection.8.2}{\376\377\134\100\227\142\126\336\145\076}{section.8}% 23
\BOOKMARK [2][-]{subsection.8.3}{\376\377\212\023\175\364\214\307\145\231\123\057\121\372}{section.8}% 24
\BOOKMARK [2][-]{subsection.8.4}{\376\377\225\213\134\100\136\253}{section.8}% 25
\BOOKMARK [2][-]{subsection.8.5}{\376\377\000A\000I\000\040\134\015\137\010\202\007\152\041\127\213\153\324\214\375}{section.8}% 26
\BOOKMARK [1][-]{section.9}{\376\377\000A\000P\000I\000\040\214\307\145\231\175\120\151\313\212\055\212\010}{}% 27
\BOOKMARK [1][-]{section.10}{\376\377\175\042\137\025\202\007\145\110\200\375\212\055\212\010}{}% 28
\BOOKMARK [1][-]{section.11}{\376\377\133\211\121\150\140\047\202\007\214\307\145\231\124\301\214\352}{}% 29
\BOOKMARK [2][-]{subsection.11.1}{\376\377\000S\000Q\000L\000\040\154\350\121\145\226\062\213\167}{section.11}% 30
\BOOKMARK [2][-]{subsection.11.2}{\376\377\215\357\137\221\133\211\121\150}{section.11}% 31
\BOOKMARK [2][-]{subsection.11.3}{\376\377\124\010\154\325\140\047\152\242\147\345}{section.11}% 32
\BOOKMARK [1][-]{section.12}{\376\377\145\131\143\210\123\357\200\375\143\320\125\117\202\007\126\336\173\124}{}% 33
\BOOKMARK [2][-]{subsection.12.1}{\376\377\160\272\116\300\236\274\211\201\133\130\000\040\000p\000o\000s\000i\000t\000i\000o\000n\000s\377\014\123\352\133\130\000\040\000m\000o\000v\000e\000s\000\040\116\015\210\114\125\316}{section.12}% 34
\BOOKMARK [2][-]{subsection.12.2}{\376\377\160\272\116\300\236\274\000\040\000m\000o\000v\000e\000s\000\040\124\214\000\040\000p\000o\000s\000i\000t\000i\000o\000n\000s\000\040\122\006\225\213}{section.12}% 35
\BOOKMARK [2][-]{subsection.12.3}{\376\377\160\272\116\300\236\274\165\050\000\040\000M\000y\000S\000Q\000L\000\040\200\014\116\015\146\057\123\352\165\050\152\224\150\110}{section.12}% 36
\BOOKMARK [2][-]{subsection.12.4}{\376\377\131\202\147\234\150\313\142\113\124\014\124\015\140\016\236\274\217\246}{section.12}% 37
\BOOKMARK [2][-]{subsection.12.5}{\376\377\214\307\145\231\136\253\131\202\117\125\145\057\143\364\000\040\000A\000I}{section.12}% 38
\BOOKMARK [1][-]{section.13}{\376\377\175\120\212\326}{}% 39
\BOOKMARK [1][-]{appendix.A}{\376\377\136\070\165\050\143\007\116\344}{}% 40
\BOOKMARK [2][-]{subsection.A.1}{\376\377\136\372\172\313\214\307\145\231\210\150\116\046\123\057\121\145}{appendix.A}% 41
\BOOKMARK [2][-]{subsection.A.2}{\376\377\123\057\121\372\212\023\175\364\214\307\145\231}{appendix.A}% 42
\BOOKMARK [2][-]{subsection.A.3}{\376\377\125\137\122\325\214\307\145\231\136\253\160\017\211\275\202\007\000\040\000A\000I\000\040\000A\000P\000I}{appendix.A}% 43
