\BOOKMARK [1][-]{section.1}{\376\377\116\073\211\201\174\373\175\161\212\055\212\010}{}% 1
\BOOKMARK [2][-]{subsection.1.1}{\376\377\134\010\150\110\166\356\152\031}{section.1}% 2
\BOOKMARK [2][-]{subsection.1.2}{\376\377\134\010\150\110\152\224\150\110\202\007\152\041\175\104\122\006\135\345}{section.1}% 3
\BOOKMARK [2][-]{subsection.1.3}{\376\377\145\164\232\324\214\307\145\231\155\101\172\013}{section.1}% 4
\BOOKMARK [2][-]{subsection.1.4}{\376\377\174\373\175\161\147\266\151\313}{section.1}% 5
\BOOKMARK [2][-]{subsection.1.5}{\376\377\210\375\117\134\155\101\172\013\126\336\230\147}{section.1}% 6
\BOOKMARK [1][-]{section.2}{\376\377\214\307\145\231\136\253\212\262\172\013\130\061\124\112\377\032\000C\000S\000A\000\040\150\313\213\134\214\307\145\231\136\253\212\055\212\010}{}% 7
\BOOKMARK [2][-]{subsection.2.1}{\376\377\214\307\145\231\136\253\212\055\212\010\166\356\152\031}{section.2}% 8
\BOOKMARK [2][-]{subsection.2.2}{\376\377\225\334\200\157\137\017\214\307\145\231\152\041\127\213}{section.2}% 9
\BOOKMARK [2][-]{subsection.2.3}{\376\377\000E\000R\000\040\225\334\117\302\212\252\146\016}{section.2}% 10
\BOOKMARK [2][-]{subsection.2.4}{\376\377\153\143\211\217\123\026\212\055\212\010}{section.2}% 11
\BOOKMARK [2][-]{subsection.2.5}{\376\377\214\307\145\231\210\150\153\004\117\115\212\055\212\010}{section.2}% 12
\BOOKMARK [3][-]{subsubsection.2.5.1}{\376\377\150\313\134\100\116\073\152\224\377\032\000g\000a\000m\000e\000\137\000r\000e\000c\000o\000r\000d\000s}{subsection.2.5}% 13
\BOOKMARK [3][-]{subsubsection.2.5.2}{\376\377\215\160\154\325\210\150\377\032\000m\000o\000v\000e\000s}{subsection.2.5}% 14
\BOOKMARK [3][-]{subsubsection.2.5.3}{\376\377\134\100\227\142\210\150\377\032\000p\000o\000s\000i\000t\000i\000o\000n\000s}{subsection.2.5}% 15
\BOOKMARK [2][-]{subsection.2.6}{\376\377\123\057\121\145\155\101\172\013\202\007\116\244\146\023\143\247\122\066}{section.2}% 16
\BOOKMARK [2][-]{subsection.2.7}{\376\377\147\345\212\142\202\007\000\040\000A\000P\000I\000\040\212\055\212\010}{section.2}% 17
\BOOKMARK [2][-]{subsection.2.8}{\376\377\214\307\145\231\136\253\212\055\212\010\212\125\117\060}{section.2}% 18
\BOOKMARK [1][-]{section.3}{\376\377\145\170\144\332\171\321\133\170\212\262\172\013\130\061\124\112\377\032\134\007\150\313\000\040\000P\000o\000l\000i\000c\000y\000/\000V\000a\000l\000u\000e\000\040\152\041\127\213}{}% 19
\BOOKMARK [2][-]{subsection.3.1}{\376\377\145\170\144\332\171\321\133\170\125\117\230\114\133\232\177\251}{section.3}% 20
\BOOKMARK [2][-]{subsection.3.2}{\376\377\214\307\145\231\117\206\156\220\202\007\214\307\145\231\211\217\152\041}{section.3}% 21
\BOOKMARK [2][-]{subsection.3.3}{\376\377\134\100\227\142\162\171\137\265\135\345\172\013}{section.3}% 22
\BOOKMARK [2][-]{subsection.3.4}{\376\377\215\160\154\325\152\031\174\144\212\055\212\010}{section.3}% 23
\BOOKMARK [2][-]{subsection.3.5}{\376\377\000V\000a\000l\000u\000e\000\040\152\031\174\144\212\055\212\010}{section.3}% 24
\BOOKMARK [2][-]{subsection.3.6}{\376\377\152\041\127\213\147\266\151\313}{section.3}% 25
\BOOKMARK [2][-]{subsection.3.7}{\376\377\144\015\131\061\121\375\145\170\202\007\212\023\175\364\145\271\154\325}{section.3}% 26
\BOOKMARK [2][-]{subsection.3.8}{\376\377\166\356\122\115\212\023\175\364\175\120\147\234}{section.3}% 27
\BOOKMARK [2][-]{subsection.3.9}{\376\377\120\263\175\161\144\034\134\013\202\007\171\136\175\223\175\262\215\357\145\164\124\010}{section.3}% 28
\BOOKMARK [3][-]{subsubsection.3.9.1}{\376\377\134\100\227\142\212\125\117\060}{subsection.3.9}% 29
\BOOKMARK [3][-]{subsubsection.3.9.2}{\376\377\000N\000e\000g\000a\000m\000a\000x\000\040\000A\000l\000p\000h\000a\000-\000B\000e\000t\000a}{subsection.3.9}% 30
\BOOKMARK [3][-]{subsubsection.3.9.3}{\376\377\144\034\134\013\121\052\123\026}{subsection.3.9}% 31
\BOOKMARK [2][-]{subsection.3.10}{\376\377\145\170\144\332\171\321\133\170\155\101\172\013\212\125\117\060}{section.3}% 32
\BOOKMARK [1][-]{section.4}{\376\377\121\151\225\200\212\262\172\013\166\204\122\006\135\345\176\075\175\120}{}% 33
\BOOKMARK [2][-]{subsection.4.1}{\376\377\214\307\145\231\136\253\212\262\172\013\221\315\236\336}{section.4}% 34
\BOOKMARK [2][-]{subsection.4.2}{\376\377\145\170\144\332\171\321\133\170\212\262\172\013\221\315\236\336}{section.4}% 35
\BOOKMARK [2][-]{subsection.4.3}{\376\377\121\161\124\014\142\020\147\234}{section.4}% 36
\BOOKMARK [1][-]{section.5}{\376\377\175\120\212\326}{}% 37
\BOOKMARK [1][-]{appendix.A}{\376\377\226\104\223\004\377\032\116\073\211\201\127\367\210\114\143\007\116\344}{}% 38
\BOOKMARK [2][-]{subsection.A.1}{\376\377\123\057\121\145\000\040\000C\000S\000A\000\040\201\363\000\040\000M\000y\000S\000Q\000L}{appendix.A}% 39
\BOOKMARK [2][-]{subsection.A.2}{\376\377\165\061\000\040\000M\000y\000S\000Q\000L\000\040\123\057\121\372\212\023\175\364\214\307\145\231}{appendix.A}% 40
\BOOKMARK [2][-]{subsection.A.3}{\376\377\212\023\175\364\000\040\000P\000o\000l\000i\000c\000y\000/\000V\000a\000l\000u\000e\000\040\000N\000e\000t\000w\000o\000r\000k}{appendix.A}% 41
\BOOKMARK [2][-]{subsection.A.4}{\376\377\125\137\122\325\150\313\213\134\160\017\211\275\202\007\000\040\000A\000I\000\040\134\015\137\010\000\040\000A\000P\000I}{appendix.A}% 42
